kotlin version: 2.0.21
error message: Incremental compilation failed: Ошибка в данных (CRC)
java.lang.AssertionError: Ошибка в данных (CRC)
	at org.jetbrains.kotlin.com.intellij.openapi.diagnostic.DefaultLogger.error(DefaultLogger.java:83)
	at org.jetbrains.kotlin.com.intellij.openapi.diagnostic.Logger.error(Logger.java:436)
	at org.jetbrains.kotlin.com.intellij.util.io.PersistentEnumeratorBase.catchCorruption(PersistentEnumeratorBase.java:672)
	at org.jetbrains.kotlin.com.intellij.util.io.PersistentEnumeratorBase.valueOf(PersistentEnumeratorBase.java:458)
	at org.jetbrains.kotlin.com.intellij.util.io.PersistentBTreeEnumerator.valueOf(PersistentBTreeEnumerator.java:779)
	at org.jetbrains.kotlin.com.intellij.util.io.PersistentEnumeratorBase$1.process(PersistentEnumeratorBase.java:336)
	at org.jetbrains.kotlin.com.intellij.util.io.PersistentBTreeEnumerator$4.process(PersistentBTreeEnumerator.java:413)
	at org.jetbrains.kotlin.com.intellij.util.io.IntToIntBtree$BtreeIndexNodeView.lambda$processMappings$1(IntToIntBtree.java:649)
	at org.jetbrains.kotlin.com.intellij.util.io.IntToIntBtree$BtreeIndexNodeView.processMappings(IntToIntBtree.java:652)
	at org.jetbrains.kotlin.com.intellij.util.io.IntToIntBtree.processLeafPages(IntToIntBtree.java:1069)
	at org.jetbrains.kotlin.com.intellij.util.io.IntToIntBtree.processMappings(IntToIntBtree.java:1064)
	at org.jetbrains.kotlin.com.intellij.util.io.PersistentBTreeEnumerator.traverseAllRecords(PersistentBTreeEnumerator.java:407)
	at org.jetbrains.kotlin.com.intellij.util.io.PersistentEnumeratorBase.processAllDataObject(PersistentEnumeratorBase.java:332)
	at org.jetbrains.kotlin.com.intellij.util.io.PersistentBTreeEnumerator.processAllDataObject(PersistentBTreeEnumerator.java:374)
	at org.jetbrains.kotlin.com.intellij.util.io.PersistentMapImpl.processExistingKeys(PersistentMapImpl.java:590)
	at org.jetbrains.kotlin.com.intellij.util.io.PersistentHashMap.processKeysWithExistingMapping(PersistentHashMap.java:191)
	at org.jetbrains.kotlin.incremental.storage.LazyStorage.getKeys(LazyStorage.kt:67)
	at org.jetbrains.kotlin.incremental.storage.InMemoryStorage.getKeys(InMemoryStorage.kt:50)
	at org.jetbrains.kotlin.incremental.storage.AppendableSetBasicMap.getKeys(BasicMap.kt:126)
	at org.jetbrains.kotlin.incremental.TrackedLookupMap.getKeys(LookupStorage.kt:306)
	at org.jetbrains.kotlin.incremental.LookupStorage.getLookupSymbols(LookupStorage.kt:89)
	at org.jetbrains.kotlin.incremental.classpathDiff.ClasspathSnapshotShrinker.shrinkClasspath$lambda$0(ClasspathSnapshotShrinker.kt:37)
	at org.jetbrains.kotlin.incremental.classpathDiff.ClasspathSnapshotShrinker$MetricsReporter.getLookupSymbols(ClasspathSnapshotShrinker.kt:330)
	at org.jetbrains.kotlin.incremental.classpathDiff.ClasspathSnapshotShrinker.shrinkClasspath(ClasspathSnapshotShrinker.kt:36)
	at org.jetbrains.kotlin.incremental.classpathDiff.ClasspathChangesComputer.computeClasspathChanges(ClasspathChangesComputer.kt:50)
	at org.jetbrains.kotlin.incremental.IncrementalJvmCompilerRunner.calculateSourcesToCompileImpl(IncrementalJvmCompilerRunner.kt:205)
	at org.jetbrains.kotlin.incremental.IncrementalJvmCompilerRunner.calculateSourcesToCompile(IncrementalJvmCompilerRunner.kt:143)
	at org.jetbrains.kotlin.incremental.IncrementalJvmCompilerRunner.calculateSourcesToCompile(IncrementalJvmCompilerRunner.kt:73)
	at org.jetbrains.kotlin.incremental.IncrementalCompilerRunner.tryCompileIncrementally$lambda$9$compile(IncrementalCompilerRunner.kt:225)
	at org.jetbrains.kotlin.incremental.IncrementalCompilerRunner.tryCompileIncrementally(IncrementalCompilerRunner.kt:267)
	at org.jetbrains.kotlin.incremental.IncrementalCompilerRunner.compile(IncrementalCompilerRunner.kt:120)
	at org.jetbrains.kotlin.daemon.CompileServiceImplBase.execIncrementalCompiler(CompileServiceImpl.kt:675)
	at org.jetbrains.kotlin.daemon.CompileServiceImplBase.access$execIncrementalCompiler(CompileServiceImpl.kt:92)
	at org.jetbrains.kotlin.daemon.CompileServiceImpl.compile(CompileServiceImpl.kt:1660)
	at java.base/jdk.internal.reflect.NativeMethodAccessorImpl.invoke0(Native Method)
	at java.base/jdk.internal.reflect.NativeMethodAccessorImpl.invoke(NativeMethodAccessorImpl.java:77)
	at java.base/jdk.internal.reflect.DelegatingMethodAccessorImpl.invoke(DelegatingMethodAccessorImpl.java:43)
	at java.base/java.lang.reflect.Method.invoke(Method.java:569)
	at java.rmi/sun.rmi.server.UnicastServerRef.dispatch(UnicastServerRef.java:360)
	at java.rmi/sun.rmi.transport.Transport$1.run(Transport.java:200)
	at java.rmi/sun.rmi.transport.Transport$1.run(Transport.java:197)
	at java.base/java.security.AccessController.doPrivileged(AccessController.java:712)
	at java.rmi/sun.rmi.transport.Transport.serviceCall(Transport.java:196)
	at java.rmi/sun.rmi.transport.tcp.TCPTransport.handleMessages(TCPTransport.java:587)
	at java.rmi/sun.rmi.transport.tcp.TCPTransport$ConnectionHandler.run0(TCPTransport.java:828)
	at java.rmi/sun.rmi.transport.tcp.TCPTransport$ConnectionHandler.lambda$run$0(TCPTransport.java:705)
	at java.base/java.security.AccessController.doPrivileged(AccessController.java:399)
	at java.rmi/sun.rmi.transport.tcp.TCPTransport$ConnectionHandler.run(TCPTransport.java:704)
	at java.base/java.util.concurrent.ThreadPoolExecutor.runWorker(ThreadPoolExecutor.java:1136)
	at java.base/java.util.concurrent.ThreadPoolExecutor$Worker.run(ThreadPoolExecutor.java:635)
	at java.base/java.lang.Thread.run(Thread.java:840)
Caused by: java.io.IOException: Ошибка в данных (CRC)
	at java.base/sun.nio.ch.FileDispatcherImpl.pread0(Native Method)
	at java.base/sun.nio.ch.FileDispatcherImpl.pread(FileDispatcherImpl.java:60)
	at java.base/sun.nio.ch.IOUtil.readIntoNativeBuffer(IOUtil.java:328)
	at java.base/sun.nio.ch.IOUtil.read(IOUtil.java:284)
	at java.base/sun.nio.ch.IOUtil.read(IOUtil.java:273)
	at java.base/sun.nio.ch.FileChannelImpl.readInternal(FileChannelImpl.java:839)
	at java.base/sun.nio.ch.FileChannelImpl.read(FileChannelImpl.java:821)
	at org.jetbrains.kotlin.com.intellij.util.io.DirectBufferWrapper.lambda$allocateAndLoadFileContent$1(DirectBufferWrapper.java:238)
	at org.jetbrains.kotlin.com.intellij.util.io.FileChannelInterruptsRetryer.retryIfInterrupted(FileChannelInterruptsRetryer.java:111)
	at org.jetbrains.kotlin.com.intellij.util.io.ResilientFileChannel.executeOperation(ResilientFileChannel.java:71)
	at org.jetbrains.kotlin.com.intellij.util.io.StorageLockContext.executeIdempotentOp(StorageLockContext.java:129)
	at org.jetbrains.kotlin.com.intellij.util.io.PagedFileStorage.executeIdempotentOp(PagedFileStorage.java:145)
	at org.jetbrains.kotlin.com.intellij.util.io.DirectBufferWrapper.allocateAndLoadFileContent(DirectBufferWrapper.java:237)
	at org.jetbrains.kotlin.com.intellij.util.io.DirectBufferWrapper.<init>(DirectBufferWrapper.java:65)
	at org.jetbrains.kotlin.com.intellij.util.io.FilePageCache.allocateAndLoadPage(FilePageCache.java:542)
	at org.jetbrains.kotlin.com.intellij.util.io.FilePageCache.get(FilePageCache.java:238)
	at org.jetbrains.kotlin.com.intellij.util.io.PagedFileStorage.doGetBufferWrapper(PagedFileStorage.java:458)
	at org.jetbrains.kotlin.com.intellij.util.io.PagedFileStorage.getBufferWrapper(PagedFileStorage.java:430)
	at org.jetbrains.kotlin.com.intellij.util.io.PagedFileStorage.getReadOnlyBuffer(PagedFileStorage.java:425)
	at org.jetbrains.kotlin.com.intellij.util.io.PagedFileStorage.get(PagedFileStorage.java:283)
	at org.jetbrains.kotlin.com.intellij.util.io.ResizeableMappedFile.get(ResizeableMappedFile.java:232)
	at org.jetbrains.kotlin.com.intellij.util.io.keyStorage.MappedFileInputStream.read(MappedFileInputStream.java:78)
	at java.base/java.io.BufferedInputStream.fill(BufferedInputStream.java:244)
	at java.base/java.io.BufferedInputStream.read(BufferedInputStream.java:263)
	at java.base/java.io.DataInputStream.readUnsignedByte(DataInputStream.java:288)
	at java.base/java.io.DataInputStream.readByte(DataInputStream.java:268)
	at org.jetbrains.kotlin.incremental.storage.LookupSymbolKeyDescriptor.read(externalizers.kt:51)
	at org.jetbrains.kotlin.incremental.storage.LookupSymbolKeyDescriptor.read(externalizers.kt:43)
	at org.jetbrains.kotlin.com.intellij.util.io.keyStorage.AppendableStorageBackedByResizableMappedFile.read(AppendableStorageBackedByResizableMappedFile.java:92)
	at org.jetbrains.kotlin.com.intellij.util.io.PersistentEnumeratorBase.findValueFor(PersistentEnumeratorBase.java:470)
	at org.jetbrains.kotlin.com.intellij.util.io.PersistentEnumeratorBase.lambda$valueOf$2(PersistentEnumeratorBase.java:459)
	at org.jetbrains.kotlin.com.intellij.util.io.PersistentEnumeratorBase.catchCorruption(PersistentEnumeratorBase.java:654)
	... 48 more


